
IIMethod: mesh part 0 is using FIRST order LAGRANGE finite elements.

IBHierarchyIntegrator::initializePatchHierarchy(): tag_buffer = 1 1 3
INSStaggeredHierarchyIntegrator::initializeCompositeHierarchyData():
  projecting the interpolated velocity field
INSStaggeredHierarchyIntegrator::regridProjection(): regrid projection solve number of iterations = 0
INSStaggeredHierarchyIntegrator::regridProjection(): regrid projection solve residual norm        = 0
Input database:
input_db {
   R                            = 0.025                     // input used
   MU                           = 0.00887                   // input used
   RHO                          = 0.997                     // input used
   RHO_S                        = 2.56                      // input used
   R_COM                        = 0, 0, 0                   // input used
   MAX_LEVELS                   = 4                         // input used
   REF_RATIO                    = 4                         // input used
   N                            = 16                        // input used
   NFINEST                      = 1024                      // input used
   L                            = 2.4                       // input used
   H                            = 0.8                       // input used
   DX0                          = 0.05                      // input not used
   DX                           = 0.00078125                // input used
   MFAC                         = 1.8                       // input used
   ELEM_TYPE                    = "HEX8"                    // input used
   USE_BOUNDARY_MESH            = TRUE                      // input not used
   IB_DELTA_FUNCTION            = "IB_3"                    // input used
   SPLIT_NORMAL_FORCES          = TRUE                      // input used
   SPLIT_TANGENTIAL_FORCES      = TRUE                      // input used
   USE_PRESSURE_JUMP_CONDITIONS = TRUE                      // input used
   USE_VELOCITY_JUMP_CONDITIONS = TRUE                      // input used
   WSS_CALC_WIDTH               = 1.03                      // input used
   P_CALC_WIDTH                 = 1.5                       // input used
   COMPUTE_FLUID_TRACTION       = TRUE                      // input used
   USE_CONSISTENT_MASS_MATRIX   = TRUE                      // input used
   IB_POINT_DENSITY             = 1                         // input used
   SOLVER_TYPE                  = "STAGGERED"               // input used
   CFL_MAX                      = 0.1                       // input used
   DT                           = 7.8125e-06                // input used
   START_TIME                   = 0                         // input used
   END_TIME                     = 2                         // input used
   GROW_DT                      = 2                         // input used
   CONVECTIVE_TS_TYPE           = "ADAMS_BASHFORTH"         // input used
   CONVECTIVE_OP_TYPE           = "PPM"                     // input used
   CONVECTIVE_FORM              = "ADVECTIVE"               // input used
   NORMALIZE_PRESSURE           = TRUE                      // input used
   ERROR_ON_DT_CHANGE           = TRUE                      // input used
   VORTICITY_TAGGING            = TRUE                      // input used
   TAG_BUFFER                   = 1                         // input used
   REGRID_CFL_INTERVAL          = 1                         // input used
   OUTPUT_U                     = TRUE                      // input used
   OUTPUT_P                     = TRUE                      // input used
   OUTPUT_F                     = TRUE                      // input used
   OUTPUT_OMEGA                 = TRUE                      // input used
   OUTPUT_DIV_U                 = TRUE                      // input used
   ENABLE_LOGGING               = TRUE                      // input used
   KAPPA_S                      = 4.9152e+06                // input used
   ETA_S                        = 0                         // input used
   FY                           = "-981 * RHO"              // input used
   FX                           = "0.0"                     // input used
   FZ                           = "0.0"                     // input used
   PROJECTION_METHOD_TYPE       = "PRESSURE_UPDATE"         // input used
   SECOND_ORDER_PRESSURE_UPDATE = TRUE                      // input used
   VelocityBcCoefs_0 {
      acoef_function_0 = "0.0"                              // input used
      acoef_function_1 = "0.0"                              // input used
      acoef_function_2 = "1.0"                              // input used
      acoef_function_3 = "0.0"                              // input used
      acoef_function_4 = "0.0"                              // input used
      acoef_function_5 = "0.0"                              // input used
      bcoef_function_0 = "1.0"                              // input used
      bcoef_function_1 = "1.0"                              // input used
      bcoef_function_2 = "0.0"                              // input used
      bcoef_function_3 = "1.0"                              // input used
      bcoef_function_4 = "1.0"                              // input used
      bcoef_function_5 = "1.0"                              // input used
      gcoef_function_0 = "0.0"                              // input used
      gcoef_function_1 = "0.0"                              // input used
      gcoef_function_2 = "0.0"                              // input used
      gcoef_function_3 = "0.0"                              // input used
      gcoef_function_4 = "0.0"                              // input used
      gcoef_function_5 = "0.0"                              // input used
   }
   VelocityBcCoefs_1 {
      acoef_function_0 = "0.0"                              // input used
      acoef_function_1 = "0.0"                              // input used
      acoef_function_2 = "1.0"                              // input used
      acoef_function_3 = "0.0"                              // input used
      acoef_function_4 = "0.0"                              // input used
      acoef_function_5 = "0.0"                              // input used
      bcoef_function_0 = "1.0"                              // input used
      bcoef_function_1 = "1.0"                              // input used
      bcoef_function_2 = "0.0"                              // input used
      bcoef_function_3 = "1.0"                              // input used
      bcoef_function_4 = "1.0"                              // input used
      bcoef_function_5 = "1.0"                              // input used
      gcoef_function_0 = "0.0"                              // input used
      gcoef_function_1 = "0.0"                              // input used
      gcoef_function_2 = "0.0"                              // input used
      gcoef_function_3 = "0.0"                              // input used
      gcoef_function_4 = "0.0"                              // input used
      gcoef_function_5 = "0.0"                              // input used
   }
   VelocityBcCoefs_2 {
      acoef_function_0 = "0.0"                              // input used
      acoef_function_1 = "0.0"                              // input used
      acoef_function_2 = "1.0"                              // input used
      acoef_function_3 = "0.0"                              // input used
      acoef_function_4 = "0.0"                              // input used
      acoef_function_5 = "0.0"                              // input used
      bcoef_function_0 = "1.0"                              // input used
      bcoef_function_1 = "1.0"                              // input used
      bcoef_function_2 = "0.0"                              // input used
      bcoef_function_3 = "1.0"                              // input used
      bcoef_function_4 = "1.0"                              // input used
      bcoef_function_5 = "1.0"                              // input used
      gcoef_function_0 = "0.0"                              // input used
      gcoef_function_1 = "0.0"                              // input used
      gcoef_function_2 = "0.0"                              // input used
      gcoef_function_3 = "0.0"                              // input used
      gcoef_function_4 = "0.0"                              // input used
      gcoef_function_5 = "0.0"                              // input used
   }
   ForcingFunction {
      RHO        = 0.997                                    // input not used
      function_0 = "0.0"                                    // input not used
      function_1 = "-981 * RHO"                             // input not used
      function_2 = "0.0"                                    // input not used
   }
   IBHierarchyIntegrator {
      start_time          = 0                               // input used
      end_time            = 2                               // input used
      grow_dt             = 2                               // input used
      regrid_cfl_interval = 1                               // input used
      dt_max              = 7.8125e-06                      // input used
      error_on_dt_change  = TRUE                            // input used
      enable_logging      = TRUE                            // input used
   }
   IIMethod {
      IB_delta_fcn                 = "IB_3"                 // input used
      split_normal_force           = TRUE                   // input not used
      split_tangential_force       = TRUE                   // input not used
      use_pressure_jump_conditions = TRUE                   // input used
      use_velocity_jump_conditions = TRUE                   // input used
      use_consistent_mass_matrix   = TRUE                   // input used
      IB_point_density             = 1                      // input used
      compute_fluid_traction       = TRUE                   // input used
      wss_calc_width               = 1.03                   // input used
      p_calc_width                 = 1.5                    // input used
      min_ghost_cell_width         = 7                      // input used
   }
   INSCollocatedHierarchyIntegrator {
      mu                            = 0.00887               // input not used
      rho                           = 0.997                 // input not used
      start_time                    = 0                     // input not used
      end_time                      = 2                     // input not used
      grow_dt                       = 2                     // input not used
      convective_time_stepping_type = "ADAMS_BASHFORTH"     // input not used
      convective_op_type            = "PPM"                 // input not used
      convective_difference_form    = "ADVECTIVE"           // input not used
      normalize_pressure            = TRUE                  // input not used
      cfl                           = 0.1                   // input not used
      dt_max                        = 7.8125e-06            // input not used
      using_vorticity_tagging       = TRUE                  // input not used
      vorticity_abs_thresh          = 0.125, 0.25, 0.5, 1   // input not used
      tag_buffer                    = 1                     // input not used
      output_U                      = TRUE                  // input not used
      output_P                      = TRUE                  // input not used
      output_F                      = TRUE                  // input not used
      output_Omega                  = TRUE                  // input not used
      output_Div_U                  = TRUE                  // input not used
      enable_logging                = TRUE                  // input not used
      projection_method_type        = "PRESSURE_UPDATE"     // input not used
      use_2nd_order_pressure_update = TRUE                  // input not used
   }
   INSStaggeredHierarchyIntegrator {
      mu                            = 0.00887               // input used
      rho                           = 0.997                 // input used
      start_time                    = 0                     // input used
      end_time                      = 2                     // input used
      grow_dt                       = 2                     // input used
      convective_time_stepping_type = "ADAMS_BASHFORTH"     // input used
      convective_op_type            = "PPM"                 // input used
      convective_difference_form    = "ADVECTIVE"           // input used
      normalize_pressure            = TRUE                  // input used
      cfl                           = 0.1                   // input used
      dt_max                        = 7.8125e-06            // input used
      using_vorticity_tagging       = TRUE                  // input used
      vorticity_abs_thresh          = 0.125, 0.25, 0.5, 1, 2 // input used
      tag_buffer                    = 1                     // input used
      output_U                      = TRUE                  // input used
      output_P                      = TRUE                  // input used
      output_F                      = TRUE                  // input used
      output_Omega                  = TRUE                  // input used
      output_Div_U                  = TRUE                  // input used
      enable_logging                = TRUE                  // input used
      U_P_bdry_interp_type          = "LINEAR"              // from default
   }
   Main {
      solver_type                 = "STAGGERED"             // input used
      log_file_name               = "IB3d_RBD_glass.log"    // input used
      log_all_nodes               = FALSE                   // input used
      viz_writer                  = "VisIt", "ExodusII"     // input used
      viz_dump_interval           = 1279                    // input used
      viz_dump_dirname            = "viz_IB3d_glass"        // input used
      visit_number_procs_per_file = 1                       // input used
      restart_dump_interval       = 0                       // input used
      restart_dump_dirname        = "restart_IB3d"          // input used
      data_dump_interval          = 1279                    // input used
      data_dump_dirname           = "hier_data_IB3d_glass"  // input used
      timer_dump_interval         = 0                       // input used
   }
   CartesianGeometry {
      domain_boxes       = [(0,0,0),(15,47,15)]             // input used
      x_lo               = -0.4, -2.25, -0.4                // input used
      x_up               = 0.4, 0.15, 0.4                   // input used
      periodic_dimension = 0, 0, 0                          // input used
   }
   GriddingAlgorithm {
      max_levels                = 4                         // input used
      efficiency_tolerance      = 0.8                       // input used
      combine_efficiency        = 0.7                       // input used
      check_nonrefined_tags     = 'w'                       // from default
      check_overlapping_patches = 'i'                       // from default
      extend_tags_to_bdry       = FALSE                     // from default
      ratio_to_coarser {
         level_1 = 4, 4, 4                                  // input used
         level_2 = 4, 4, 4                                  // input used
         level_3 = 4, 4, 4                                  // input used
         level_4 = 4, 4, 4                                  // input not used
         level_5 = 4, 4, 4                                  // input not used
      }
      largest_patch_size {
         level_0 = 256, 256, 256                            // input used
      }
      smallest_patch_size {
         level_0 = 8, 8, 8                                  // input used
      }
   }
   StandardTagAndInitialize {
      tagging_method = "GRADIENT_DETECTOR"                  // input used
   }
   LoadBalancer {
      bin_pack_method                      = "SPATIAL"      // input used
      max_workload_factor                  = 1              // input used
      ignore_level_box_union_is_single_box = FALSE          // from default
   }
   TimerManager {
      print_exclusive      = FALSE                          // input used
      print_total          = TRUE                           // input used
      print_threshold      = 0.1                            // input used
      timer_list           = "IBAMR::*::*", "IBTK::*::*", "*::*::*" // input used
      print_processor      = TRUE                           // from default
      print_max            = FALSE                          // from default
      print_summed         = FALSE                          // from default
      print_user           = FALSE                          // from default
      print_sys            = FALSE                          // from default
      print_wall           = TRUE                           // from default
      print_percentage     = TRUE                           // from default
      print_concurrent     = FALSE                          // from default
      print_timer_overhead = FALSE                          // from default
   }
}


Writing visualization files...


+++++++++++++++++++++++++++++++++++++++++++++++++++
At beginning of timestep # 0
Simulation time is 0
 Number of 6DOF iterations = 1

IBHierarchyIntegrator::advanceHierarchy(): time interval = [0,7.8125e-06], dt = 7.8125e-06
IBHierarchyIntegrator::advanceHierarchy(): regridding prior to timestep 0
IBHierarchyIntegrator::regridHierarchy(): starting Lagrangian data movement
IBHierarchyIntegrator::regridHierarchy(): regridding the patch hierarchy
IBHierarchyIntegrator::regridHierarchy(): finishing Lagrangian data movement
INSStaggeredHierarchyIntegrator::preprocessIntegrateHierarchy(): initializing convective operator
INSStaggeredHierarchyIntegrator::preprocessIntegrateHierarchy(): initializing velocity subdomain solver
INSStaggeredHierarchyIntegrator::preprocessIntegrateHierarchy(): initializing pressure subdomain solver
INSStaggeredHierarchyIntegrator::preprocessIntegrateHierarchy(): initializing incompressible Stokes solver
IBHierarchyIntegrator::preprocessIntegrateHierarchy(): performing Lagrangian forward Euler step
IBHierarchyIntegrator::advanceHierarchy(): integrating hierarchy
IBHierarchyIntegrator::integrateHierarchy(): computing Lagrangian force
IBHierarchyIntegrator::integrateHierarchy(): spreading Lagrangian force to the Eulerian grid
IBHierarchyIntegrator::integrateHierarchy(): solving the incompressible Navier-Stokes equations
INSStaggeredHierarchyIntegrator::integrateHierarchy(): stokes solve number of iterations = 12
INSStaggeredHierarchyIntegrator::integrateHierarchy(): stokes solve residual norm        = 6.09144e-07
INSStaggeredHierarchyIntegrator::integrateHierarchy(): stokes solve number of iterations = 2
INSStaggeredHierarchyIntegrator::integrateHierarchy(): stokes solve residual norm        = 1.95943e-07
IBHierarchyIntegrator::integrateHierarchy(): interpolating Eulerian velocity to the Lagrangian mesh
IBHierarchyIntegrator::integrateHierarchy(): performing Lagrangian midpoint-rule step
IBHierarchyIntegrator::postprocessIntegrateHierarchy(): interpolating Eulerian velocity to the Lagrangian mesh
IBHierarchyIntegrator::postprocessIntegrateHierarchy(): CFL number = 2.75514e-06
IBHierarchyIntegrator::postprocessIntegrateHierarchy(): Eulerian estimate of upper bound on IB point displacement since last regrid = 2.75514e-06
IBHierarchyIntegrator::advanceHierarchy(): synchronizing updated data
IBHierarchyIntegrator::advanceHierarchy(): resetting time dependent data
 Number of 6DOF iterations = 1



 Translationl Velocity = (x,y,z)=(-1.10928e-13, -0.00467799, 2.09736e-15)

At end       of timestep # 0
Simulation time is 0
+++++++++++++++++++++++++++++++++++++++++++++++++++


+++++++++++++++++++++++++++++++++++++++++++++++++++
At beginning of timestep # 1
Simulation time is 7.8125e-06
 Number of 6DOF iterations = 1

IBHierarchyIntegrator::advanceHierarchy(): time interval = [7.8125e-06,1.5625e-05], dt = 7.8125e-06
IBHierarchyIntegrator::preprocessIntegrateHierarchy(): performing Lagrangian forward Euler step
IBHierarchyIntegrator::advanceHierarchy(): integrating hierarchy
IBHierarchyIntegrator::integrateHierarchy(): computing Lagrangian force
IBHierarchyIntegrator::integrateHierarchy(): spreading Lagrangian force to the Eulerian grid
